[18:48:32] [INFO]
[18:48:32] [INFO] ================================================================================
[18:48:32] [INFO] Step 8: Density-Threshold vs Size-Scaling Confound Test
[18:48:32] [INFO] ================================================================================
[18:48:32] [INFO]
[18:48:32] [INFO] Loaded 180 rotation curves, 175 galaxy properties
[18:48:32] [INFO] In-sample mass-size relation: R_d ∝ M^0.322 ± 0.017 (r=0.821, n=175)
[18:48:32] [SUCCESS] thresh 1.2: n=168  R_DM/R_d slope=0.013 (p=7.46e-01), rho_enc slope=0.302 (p=5.41e-06)  -> size_scaling
[18:48:32] [SUCCESS] thresh 1.3: n=167  R_DM/R_d slope=0.056 (p=2.07e-01), rho_enc slope=0.190 (p=5.71e-03)  -> size_scaling
[18:48:32] [SUCCESS] thresh 1.4: n=162  R_DM/R_d slope=0.086 (p=6.22e-02), rho_enc slope=0.084 (p=2.38e-01)  -> density_threshold
[18:48:32] [SUCCESS] Results written to /Users/matthewsmawfield/www/Temporal Equivalence Principle/TEP-UCD/scripts/steps/../../results/outputs/step_8_density_vs_size_confound.json
[18:48:32] [SUCCESS] Completed in 0.0s
[18:48:32] [INFO]
[18:48:32] [INFO] ================================================================================
[18:48:32] [INFO] Step 9: Phantom-Mass Amplitude and Profile Test
[18:48:32] [INFO] ================================================================================
[18:48:32] [INFO]
[18:48:32] [INFO] Loaded 175 rotation curves, 175 galaxy properties
[18:48:32] [SUCCESS] n=164  plateau ratio median=1.980 (bare sqrt3=1.732)  S_eff median=1.46 frac>1=0.71
[18:48:32] [SUCCESS] Enhancement profile slope median=0.458 (133/161 positive, Wilcoxon p=1.03e-17)
[18:48:32] [SUCCESS] Results written to /Users/matthewsmawfield/www/Temporal Equivalence Principle/TEP-UCD/scripts/steps/../../results/outputs/step_9_phantom_amplitude.json
