[18:48:32] [INFO]
[18:48:32] [INFO] ================================================================================
[18:48:32] [INFO] STEP: step_9_phantom_amplitude
[18:48:32] [INFO] ================================================================================
[18:48:32] [INFO]
[18:48:32] [SUCCESS] Completed in 0.0s
[18:48:32] [INFO] Pipeline summary saved to /Users/matthewsmawfield/www/Temporal Equivalence Principle/TEP-UCD/results/outputs/pipeline_summary.json
[18:48:32] [INFO]
[18:48:32] [INFO] ================================================================================
[18:48:32] [INFO] ============================================================
[18:48:32] [INFO] ================================================================================
[18:48:32] [INFO]
[18:48:32] [INFO]
[18:48:32] [INFO] ================================================================================
[18:48:32] [INFO] PIPELINE COMPLETE
[18:48:32] [INFO] ================================================================================
[18:48:32] [INFO]
[18:48:32] [INFO] Total elapsed: 6.7s
[18:48:32] [INFO]
[18:48:32] [INFO] ================================================================================
[18:48:32] [INFO] ============================================================
[18:48:32] [INFO] ================================================================================
[18:48:32] [INFO]
