[18:48:31] [INFO]
[18:48:31] [INFO] ================================================================================
[18:48:31] [INFO] SPARC RESIDUAL ANALYSIS: Baryonic Feedback vs Field Theory
[18:48:31] [INFO] ================================================================================
[18:48:31] [INFO]
[18:48:31] [PROCESS] Parsing SPARC Table1 (galaxy properties)
[18:48:31] [PROCESS] Parsing SPARC Table2 (rotation curves)
[18:48:31] [SUCCESS] Loaded 175 galaxies from SPARC database
[18:48:31] [PROCESS] STEP 1: Calculate Residuals from M^(1/3) Scaling
[18:48:31] [INFO] Valid galaxies: 167
[18:48:31] [INFO] Normalization: k = 7.8602e-04 kpc/M_sun^(1/3)
[18:48:31] [INFO] RMS scatter: 0.480 dex
[18:48:31] [PROCESS] STEP 2: Correlate Residuals with Baryonic Properties
[18:48:31] [INFO] Baryonic Property Correlations:
[18:48:31] [INFO]   Gas Fraction:       r = -0.164, p = 0.0343
[18:48:31] [INFO]   Surface Brightness: r = -0.129, p = 0.0964
[18:48:31] [INFO]   Inclination:        r = +0.297, p = 0.0001
[18:48:31] [PROCESS] STEP 3: Correlate Residuals with Screening Proxies (Density)
[18:48:31] [INFO] Screening Proxy Correlations:
[18:48:31] [INFO]   Central Density:    r = -0.108 (p = 0.1644)
[18:48:31] [PROCESS] STEP 4: Statistical Assessment
[18:48:31] [INFO] Maximum Baryonic Correlation: |r| = 0.297
[18:48:31] [INFO] Maximum Screening Correlation: |r| = 0.108
[18:48:31] [INFO] INTERPRETATION: Residuals are largely random (no strong correlations).
[18:48:31] [INFO]   This suggests the M^(1/3) scaling is fundamental, not a feedback artifact.
[18:48:31] [SUCCESS]   FAVORS: TEP (Field Theory)
[18:48:31] [PROCESS] STEP 5: Generate Diagnostic Plots
[18:48:32] [SUCCESS] Saved: figure_7_sparc_residuals.png
[18:48:32] [INFO]
[18:48:32] [INFO] ================================================================================
[18:48:32] [INFO] RESIDUAL ANALYSIS SUMMARY
[18:48:32] [INFO] ================================================================================
[18:48:32] [INFO]
[18:48:32] [INFO] Dataset: 167 galaxies, RMS scatter = 0.480 dex
[18:48:32] [INFO] Max baryonic correlation: |r| = 0.297
[18:48:32] [INFO] Max screening correlation: |r| = 0.108
[18:48:32] [SUCCESS] VERDICT: FAVORS TEP (Field Theory)
[18:48:32] [SUCCESS] Numerical outputs saved to results/outputs/step_7_sparc_residuals.json
[18:48:32] [SUCCESS] Completed in 0.5s
