[18:48:27] [INFO]
[18:48:27] [INFO] ================================================================================
[18:48:27] [INFO] SPARC Enhanced Analysis: Robust TEP Test
[18:48:27] [INFO] ================================================================================
[18:48:27] [INFO]
[18:48:27] [PROCESS] Parsing SPARC Table1 (galaxy properties)
[18:48:27] [PROCESS] Parsing SPARC Table2 (rotation curves)
[18:48:27] [SUCCESS] Loaded 175 galaxies with rotation curves
[18:48:27] [PROCESS] ENHANCEMENT 1: Threshold-Marginalized Exponent
[18:48:27] [INFO] Threshold range: 1.10 - 1.50
[18:48:27] [INFO] Exponent range: 0.274 - 0.413
[18:48:27] [SUCCESS] Weighted-average exponent: α = 0.3545 ± 0.0135
[18:48:27] [INFO] TEP prediction: α = 1/3 = 0.3333
[18:48:27] [INFO] Deviation: 1.6σ
[18:48:27] [PROCESS] BOOTSTRAP: 1000 Resamples Across Thresholds
[18:48:29] [INFO] Bootstrap alpha: 0.3549 ± 0.0428 (std)
[18:48:29] [INFO] Bootstrap 95% CI: [0.2645, 0.4390]
[18:48:29] [INFO] Deviation from 1/3: 0.5σ
[18:48:29] [PROCESS] ENHANCEMENT 2: RAR-Based Transition Radius
[18:48:29] [INFO] RAR-based transition (g_bar < a0):
[18:48:29] [INFO]   Exponent: α = 0.5656 ± 0.0322
[18:48:29] [INFO]   Correlation: r = 0.805
[18:48:29] [INFO]   N galaxies: 170
[18:48:29] [PROCESS] ENHANCEMENT 3: Fixed α = 1/3, Fit Screening Density
[18:48:29] [INFO] Normalization k = 7.8602e-04 kpc / M_sun^(1/3)
[18:48:29] [INFO] Implied screening density: ρ_screen = 4.92e+08 M_sun/kpc^3
[18:48:29] [INFO]                          = 0.4916 M_sun/pc^3
[18:48:29] [INFO] Typical disk density at optical radius: ~0.01-0.1 M_sun/pc^3
[18:48:29] [INFO] Is ρ_screen physically reasonable? True
[18:48:29] [INFO] RMS scatter with α = 1/3: 0.480 dex
[18:48:29] [PROCESS] ENHANCEMENT 4: Connection to MOND Acceleration Scale
[18:48:29] [INFO] Characteristic transition acceleration:
[18:48:29] [INFO]   g_TEP = 4.86e-10 m/s^2
[18:48:29] [INFO]   a0_MOND = 1.20e-10 m/s^2
[18:48:29] [INFO]   Ratio g_TEP / a0_MOND = 4.05
[18:48:30] [SUCCESS] Saved: figure_5_sparc_enhanced.png
[18:48:30] [INFO]
[18:48:30] [INFO] ================================================================================
[18:48:30] [INFO] ENHANCED ANALYSIS SUMMARY
[18:48:30] [INFO] ================================================================================
[18:48:30] [INFO]
[18:48:30] [INFO] Threshold-marginalized exponent: α = 0.354 ± 0.014
[18:48:30] [INFO]   TEP prediction (1/3) within 1.6σ
[18:48:30] [INFO] Bootstrap (1000 resamples): α = 0.355 ± 0.043
[18:48:30] [INFO]   95% CI: [0.265, 0.439]
[18:48:30] [INFO] Fixed α = 1/3 analysis: ρ = 0.492 M_sun/pc^3, RMS = 0.48 dex
[18:48:30] [INFO] Connection to MOND: g_TEP / a0 = 4.0x
[18:48:30] [SUCCESS] Analysis confirms M^(1/3) scaling is robust across thresholds
[18:48:30] [INFO] Milky Way prediction: R_DM = k * M^(1/3) = 3.1 kpc
[18:48:30] [INFO]   (M_bar = 6.0e+10 M_sun, k = 7.8602e-04)
[18:48:30] [SUCCESS] Numerical outputs saved to results/outputs/step_4_sparc_analysis.json
[18:48:30] [SUCCESS] Completed in 2.8s
